[gobumpr.com/index.html]
[backblue.gif]
[fade.gif]
[index.html]
[static.gobumpr.com/web-app/fav-icons/16.png]
[static.gobumpr.com/web-app/fav-icons/32.png]
[static.gobumpr.com/web-app/fav-icons/57.png]
[static.gobumpr.com/web-app/fav-icons/76.png]
[static.gobumpr.com/web-app/fav-icons/96.png]
[static.gobumpr.com/web-app/fav-icons/114.png]
[static.gobumpr.com/web-app/fav-icons/144.png]
[static.gobumpr.com/web-app/fav-icons/152x152.png]
[static.gobumpr.com/img/gobumpr/gobumpr-logo.png]
[gobumpr.com/assets/slick.css]
[gobumpr.com/assets/slick-theme.css]
[www.google-analytics.com/analytics.js]
[connect.facebook.net/en_US/fbevents.js]
[connect.facebook.net/en_US/sdk/xfbml.customerchat.js]
[gobumpr.com/chennai/offers/car-service.html]
[gobumpr.com/chennai/offers/bike-service.html]
[gobumpr.com/chennai/offers/chennai-all-in-one-package-1499.html]
[static.gobumpr.com/offers-imgs/AMC_web.jpg]
[static.gobumpr.com/web-app/testimonials/sathya-anand.jpg]
[static.gobumpr.com/web-app/testimonials/ezhil.jpg]
[static.gobumpr.com/web-app/testimonials/tharani.jpg]
[static.gobumpr.com/web-app/confirmation/download-app.png]
[gobumpr.com/chennai/maruti/car/services-repair-in-central.html]
[gobumpr.com/chennai/hyundai/car/services-repair-in-central.html]
[gobumpr.com/chennai/mahindra/car/services-repair-in-central.html]
[gobumpr.com/chennai/honda/car/services-repair-in-central.html]
[gobumpr.com/chennai/toyota/car/services-repair-in-central.html]
[gobumpr.com/chennai/renault/car/services-repair-in-central.html]
[gobumpr.com/chennai/tata/car/services-repair-in-central.html]
[gobumpr.com/chennai/ford/car/services-repair-in-central.html]
[gobumpr.com/chennai/volkswagen/car/services-repair-in-central.html]
[gobumpr.com/chennai/nissan/car/services-repair-in-central.html]
[gobumpr.com/chennai/skoda/car/services-repair-in-central.html]
[gobumpr.com/chennai/chevrolet/car/services-repair-in-central.html]
[gobumpr.com/chennai/fiat/car/services-repair-in-central.html]
[gobumpr.com/chennai/mitsubishi/car/services-repair-in-central.html]
[gobumpr.com/chennai/datsun/car/services-repair-in-central.html]
[gobumpr.com/chennai/mahindra-renault/car/services-repair-in-central.html]
[gobumpr.com/chennai/mercedes-benz/car/services-repair-in-central.html]
[gobumpr.com/chennai/audi/car/services-repair-in-central.html]
[gobumpr.com/chennai/bmw/car/services-repair-in-central.html]
[gobumpr.com/chennai/jaguar/car/services-repair-in-central.html]
[gobumpr.com/chennai/porsche/car/services-repair-in-central.html]
[gobumpr.com/chennai/land-rover/car/services-repair-in-central.html]
[gobumpr.com/chennai/premier/car/services-repair-in-central.html]
[gobumpr.com/chennai/volvo/car/services-repair-in-central.html]
[gobumpr.com/chennai/opel/car/services-repair-in-central.html]
[gobumpr.com/chennai/force/car/services-repair-in-central.html]
[gobumpr.com/chennai/hindustan-motors/car/services-repair-in-central.html]
[gobumpr.com/chennai/mini/car/services-repair-in-central.html]
[gobumpr.com/chennai/rolls-royce/car/services-repair-in-central.html]
[gobumpr.com/chennai/aston-martin/car/services-repair-in-central.html]
[gobumpr.com/chennai/bentley/car/services-repair-in-central.html]
[gobumpr.com/chennai/icml/car/services-repair-in-central.html]
[gobumpr.com/chennai/isuzu/car/services-repair-in-central.html]
[gobumpr.com/chennai/mahindra-ssangyong/car/services-repair-in-central.html]
[gobumpr.com/chennai/ashok-leyland/car/services-repair-in-central.html]
[gobumpr.com/chennai/caterham/car/services-repair-in-central.html]
[gobumpr.com/chennai/dc/car/services-repair-in-central.html]
[gobumpr.com/chennai/ferrari/car/services-repair-in-central.html]
[gobumpr.com/chennai/lamborghini/car/services-repair-in-central.html]
[gobumpr.com/chennai/maserati/car/services-repair-in-central.html]
[gobumpr.com/chennai/san-motors/car/services-repair-in-central.html]
[gobumpr.com/contact-us.html]
[gobumpr.com/customer-reviews.html]
[gobumpr.com/terms.html]
[static.gobumpr.com/web-app/assets/fonts/Montserrat_web.css]
[gobumpr.com/index.html]
[gobumpr.com/https_/gobumpr.com/index.html]
[gobumpr.com/assets/slick.css]
[gobumpr.com/public/commons.f6f0d89e7184e376df3f.bundle.js]
[gobumpr.com/public/home.f6f0d89e7184e376df3f.bundle.js]
[gobumpr.com/assets/fonts/slick.eot]
[gobumpr.com/assets/fonts/slickd41d.eot]
[gobumpr.com/assets/fonts/slick.woff]
[gobumpr.com/assets/fonts/slick.ttf]
[gobumpr.com/assets/slick-theme.css]
[gobumpr.com/assets/fonts/slick.svg]
[connect.facebook.net/en_US/fbevents.js]
[connect.facebook.net/en_US/sdk/xfbml.customerchat.js]
[static.gobumpr.com/web-app/home-imgs/cover.jpg]
[static.gobumpr.com/offers-imgs/thumbs/car_disinf_thumb.jpg]
[gobumpr.com/chennai/offers/chennai-car-express-general-service-999.html]
[static.gobumpr.com/homepage-revamp/express-service.jpg]
[gobumpr.com/chennai/offers/chennai-car-detailing-at-2999-2018.html]
[static.gobumpr.com/homepage-revamp/complete-car-detailing.jpg]
[static.gobumpr.com/homepage-revamp/car-oil-change.jpg]
[gobumpr.com/chennai/offers/chennai-car-general-service-oil-change-package.html]
[gobumpr.com/chennai/offers/chennai-doorstep-car-rubbing-polish.html]
[static.gobumpr.com/offers-imgs/thumb/rubbint-polish-thumb.jpg]
[gobumpr.com/chennai/offers/chennai-doorstep-car-spa-at-1499.html]
[static.gobumpr.com/offers-imgs/thumb/car-spa-thumb.jpg]
[gobumpr.com/chennai/offers/chennai-doorstep-car-interior-detailing-999.html]
[static.gobumpr.com/offers-imgs/interior-999-thumb.jpg]
[gobumpr.com/chennai/offers/chennai-doorstep-car-general-service-oil-change-package.html]
[gobumpr.com/chennai/offers/chennai-doorstep-car-polish-999.html]
[static.gobumpr.com/offers-imgs/was-wax-thumb.jpg]
[gobumpr.com/chennai/offers/chennai-car-dent-removal-2999-2017.html]
[static.gobumpr.com/homepage-revamp/dent-removal.jpg]
[gobumpr.com/chennai/offers/chennai-car-ac-service-at-1999-2017.html]
[static.gobumpr.com/homepage-revamp/car-AC.jpg]
[gobumpr.com/chennai/offers/chennai-car-ceramic-coating-2017.html]
[static.gobumpr.com/offers-imgs/car-ceramic-thumb.jpg]
[gobumpr.com/chennai/offers/chennai-car-underchassis-rust-coating-2499-2017.html]
[static.gobumpr.com/offers-imgs/underchassis-thumb.jpg]
[gobumpr.com/chennai/offers/chennai-car-polish-999.html]
[gobumpr.com/chennai/offers/chennai-car-full-body-painting-24999-2017.html]
[static.gobumpr.com/offers-imgs/thumb/fb-paint-thumb.jpg]
[gobumpr.com/chennai/offers/chennai-car-spa-at-1499-2017.html]
[gobumpr.com/chennai/offers/chennai-car-rubbing-polish-1999-2017.html]
[gobumpr.com/chennai/offers/chennai-car-interior-detailing-999-2017.html]
[gobumpr.com/chennai/offers/chennai-bumper-repainiting.html]
[static.gobumpr.com/offers-imgs/thumbs/bumper-repainting-thumb.jpg]
[gobumpr.com/chennai/offers/chennai-premium-car-oil-service.html]
[static.gobumpr.com/offers-imgs/thumbs/thumbnail_premium_oil.jpg]
[static.gobumpr.com/offers-imgs/thumbs/thumbnail_premium_dent.jpg]
[gobumpr.com/chennai/offers/chennai-premium-car-dent-removal.html]
[gobumpr.com/chennai/offers/car-service.html]
[gobumpr.com/public/offers.f6f0d89e7184e376df3f.bundle.js]
[gobumpr.com/chennai/offers/chennai-bike-general-service-999.html]
[static.gobumpr.com/homepage-revamp/bike-service.jpg]
[gobumpr.com/chennai/offers/chennai-premium-bike-general-service-1499.html]
[static.gobumpr.com/offers-imgs/thumb/bikes_re_thumb.jpg]
[gobumpr.com/chennai/offers/chennai-bike-general-service-and-polish-1299-2017.html]
[gobumpr.com/chennai/offers/chennai-doorstep-bike-general-service.html]
[static.gobumpr.com/offers-imgs/Non_re_doorstep.jpg]
[static.gobumpr.com/homepage-revamp/bike-repair-job.jpg]
[gobumpr.com/chennai/offers/chennai-bike-engine-repair-4999-2017.html]
[gobumpr.com/chennai/offers/chennai-bike-ceramic-coating-4999-2017.html]
[static.gobumpr.com/homepage-revamp/Ceramic-coating.jpg]
[gobumpr.com/chennai/offers/bike-service.html]
[cdnjs.cloudflare.com/ajax/libs/font-awesome/4.7.0/css/font-awesome.min.css]
[static.gobumpr.com/offers-imgs/AMC_carousels_1.jpg]
[static.gobumpr.com/offers-imgs/AMC_carousels_2.jpg]
[static.gobumpr.com/offers-imgs/safety_measures2.jpg]
[static.gobumpr.com/offers-imgs/testimonials/faiyax.jpg]
[static.gobumpr.com/offers-imgs/testimonials/jamesmathew.jpg]
[static.gobumpr.com/offers-imgs/testimonials/senthoor.jpg]
[gobumpr.com/chennai/offers/chennai-all-in-one-package-1499.html]
[gobumpr.com/public/styles.css]
[gobumpr.com/chennai.html]
[gobumpr.com/chennai/car/services-repair.html]
[gobumpr.com/chennai/maruti/car/services-repair.html]
[gobumpr.com/chennai/service-center/gobumpr-@home-4w-mountroad-in-mount-road.html]
[static.gobumpr.com/service-center/photos/car_no_image_300W.jpg]
[gobumpr.com/chennai/service-center/gopi-motors-in-mandaveli.html]
[gobumpr.com/chennai/service-center/thirumala-cars-in-perambur.html]
[gobumpr.com/chennai/service-center/mani-motors-in-vadapalani.html]
[gobumpr.com/chennai/service-center/wheels-on-road-in-kotturpuram.html]
[gobumpr.com/chennai/maruti/car/services-repair-in-central.html]
[gobumpr.com/public/search.f6f0d89e7184e376df3f.bundle.js]
[gobumpr.com/chennai/hyundai/car/services-repair-in-central.html]
[gobumpr.com/chennai/hyundai/car/services-repair.html]
[gobumpr.com/chennai/mahindra/car/services-repair-in-central.html]
[gobumpr.com/chennai/mahindra/car/services-repair.html]
[gobumpr.com/chennai/honda/car/services-repair-in-central.html]
[gobumpr.com/chennai/honda/car/services-repair.html]
[gobumpr.com/chennai/toyota/car/services-repair-in-central.html]
[gobumpr.com/chennai/toyota/car/services-repair.html]
[gobumpr.com/chennai/renault/car/services-repair-in-central.html]
[gobumpr.com/chennai/renault/car/services-repair.html]
[gobumpr.com/chennai/tata/car/services-repair-in-central.html]
[gobumpr.com/chennai/tata/car/services-repair.html]
[gobumpr.com/chennai/ford/car/services-repair-in-central.html]
[gobumpr.com/chennai/ford/car/services-repair.html]
[gobumpr.com/chennai/volkswagen/car/services-repair-in-central.html]
[gobumpr.com/chennai/volkswagen/car/services-repair.html]
[gobumpr.com/chennai/nissan/car/services-repair-in-central.html]
[gobumpr.com/chennai/nissan/car/services-repair.html]
[gobumpr.com/chennai/skoda/car/services-repair-in-central.html]
[gobumpr.com/chennai/skoda/car/services-repair.html]
[gobumpr.com/chennai/chevrolet/car/services-repair-in-central.html]
[gobumpr.com/chennai/chevrolet/car/services-repair.html]
[gobumpr.com/chennai/fiat/car/services-repair-in-central.html]
[gobumpr.com/chennai/fiat/car/services-repair.html]
[gobumpr.com/chennai/mitsubishi/car/services-repair-in-central.html]
[gobumpr.com/chennai/mitsubishi/car/services-repair.html]
[gobumpr.com/chennai/datsun/car/services-repair-in-central.html]
[gobumpr.com/chennai/datsun/car/services-repair.html]
[gobumpr.com/chennai/mahindra-renault/car/services-repair-in-central.html]
[gobumpr.com/chennai/mahindra-renault/car/services-repair.html]
[gobumpr.com/chennai/mercedes-benz/car/services-repair-in-central.html]
[gobumpr.com/chennai/mercedes-benz/car/services-repair.html]
[gobumpr.com/chennai/audi/car/services-repair-in-central.html]
[gobumpr.com/chennai/audi/car/services-repair.html]
[gobumpr.com/chennai/bmw/car/services-repair-in-central.html]
[gobumpr.com/chennai/bmw/car/services-repair.html]
[gobumpr.com/chennai/jaguar/car/services-repair-in-central.html]
[gobumpr.com/chennai/jaguar/car/services-repair.html]
[gobumpr.com/chennai/porsche/car/services-repair-in-central.html]
[gobumpr.com/chennai/porsche/car/services-repair.html]
[gobumpr.com/chennai/land-rover/car/services-repair-in-central.html]
[gobumpr.com/chennai/land-rover/car/services-repair.html]
[gobumpr.com/chennai/premier/car/services-repair-in-central.html]
[gobumpr.com/chennai/premier/car/services-repair.html]
[gobumpr.com/chennai/volvo/car/services-repair-in-central.html]
[gobumpr.com/chennai/volvo/car/services-repair.html]
[gobumpr.com/chennai/opel/car/services-repair-in-central.html]
[gobumpr.com/chennai/opel/car/services-repair.html]
[gobumpr.com/chennai/force/car/services-repair-in-central.html]
[gobumpr.com/chennai/force/car/services-repair.html]
[gobumpr.com/chennai/hindustan-motors/car/services-repair-in-central.html]
[gobumpr.com/chennai/hindustan-motors/car/services-repair.html]
[gobumpr.com/chennai/mini/car/services-repair-in-central.html]
[gobumpr.com/chennai/mini/car/services-repair.html]
[gobumpr.com/chennai/rolls-royce/car/services-repair-in-central.html]
[gobumpr.com/chennai/rolls-royce/car/services-repair.html]
[gobumpr.com/chennai/aston-martin/car/services-repair-in-central.html]
[gobumpr.com/chennai/aston-martin/car/services-repair.html]
[gobumpr.com/chennai/bentley/car/services-repair-in-central.html]
[gobumpr.com/chennai/bentley/car/services-repair.html]
[gobumpr.com/chennai/icml/car/services-repair-in-central.html]
[gobumpr.com/chennai/icml/car/services-repair.html]
[gobumpr.com/chennai/isuzu/car/services-repair-in-central.html]
[gobumpr.com/chennai/isuzu/car/services-repair.html]
[gobumpr.com/chennai/mahindra-ssangyong/car/services-repair-in-central.html]
[gobumpr.com/chennai/mahindra-ssangyong/car/services-repair.html]
[gobumpr.com/chennai/ashok-leyland/car/services-repair-in-central.html]
[gobumpr.com/chennai/ashok-leyland/car/services-repair.html]
[gobumpr.com/chennai/caterham/car/services-repair-in-central.html]
[gobumpr.com/chennai/caterham/car/services-repair.html]
[gobumpr.com/chennai/dc/car/services-repair-in-central.html]
[gobumpr.com/chennai/dc/car/services-repair.html]
[gobumpr.com/chennai/ferrari/car/services-repair-in-central.html]
[gobumpr.com/chennai/ferrari/car/services-repair.html]
[gobumpr.com/chennai/lamborghini/car/services-repair-in-central.html]
[gobumpr.com/chennai/lamborghini/car/services-repair.html]
[gobumpr.com/chennai/maserati/car/services-repair-in-central.html]
[gobumpr.com/chennai/maserati/car/services-repair.html]
[gobumpr.com/chennai/san-motors/car/services-repair-in-central.html]
[gobumpr.com/chennai/san-motors/car/services-repair.html]
[gobumpr.com/contact-us.html]
[gobumpr.com/public/contactUs.f6f0d89e7184e376df3f.bundle.js]
[polyfill.io/v3/polyfill.minb0c6.js]
[static.gobumpr.com/web-app/assets/gobumpr-reviews-logo.png]
[gobumpr.com/customer-reviews/user/hyundai-eon-MTU5ODk=.html]
[gobumpr.com/customer-reviews/user/royal-enfield-classic-350-MTUxOTA=.html]
[gobumpr.com/customer-reviews/user/ford-ikon-MTUwNTI=.html]
[gobumpr.com/customer-reviews/user/yamaha-fz16-MTAyOTQ=.html]
[gobumpr.com/customer-reviews/user/maruti-wagon-r-MTQ4NjA=.html]
[gobumpr.com/customer-reviews/user/mahindra-scorpio-MTYxNTQ=.html]
[gobumpr.com/customer-reviews/user/hyundai-i10-MTQ5MjY=.html]
[gobumpr.com/customer-reviews/user/chevrolet-sail-MTUwMTk=.html]
[gobumpr.com/customer-reviews/user/ford-ecosport-MTUyOTM=.html]
[gobumpr.com/customer-reviews/user/bajaj-pulsar-150-MTA4OTQ=.html]
[gobumpr.com/customer-reviews/user/ford-fiesta-classic-MTA3MDQ=.html]
[gobumpr.com/customer-reviews/user/honda-cbr250rr-MTExMDE=.html]
[gobumpr.com/customer-reviews/user/royal-enfield-thunderbird-350-MTExMDA=.html]
[gobumpr.com/customer-reviews/user/royal-enfield-classic-350-MTEwOTk=.html]
[gobumpr.com/customer-reviews/user/tata-indica-MTEwOTg=.html]
[gobumpr.com/customer-reviews/user/mahindra-scorpio-MTEwOTc=.html]
[gobumpr.com/customer-reviews/user/hyundai-i20-MTEwOTY=.html]
[gobumpr.com/customer-reviews/user/maruti-s-cross-MTEwOTU=.html]
[gobumpr.com/customer-reviews/user/hyundai-i10-MTEwOTE=.html]
[gobumpr.com/customer-reviews/user/hero-honda-splendor-MTEwOTA=.html]
[gobumpr.com/customer-reviews/user/honda-activa-MTEwODk=.html]
[gobumpr.com/customer-reviews/user/tata-indica-v2-MTEwODU=.html]
[gobumpr.com/customer-reviews/user/opel-astra-MTEwODM=.html]
[gobumpr.com/customer-reviews/user/royal-enfield-classic-350-MTEwODE=.html]
[gobumpr.com/customer-reviews/user/mercedes-benz-b-class-MTEwODA=.html]
[gobumpr.com/customer-reviews/user/volkswagen-polo-MTEwNzg=.html]
[gobumpr.com/customer-reviews/user/ford-ecosport-MTEwNzU=.html]
[gobumpr.com/customer-reviews/user/hyundai-eon-MTEwNzQ=.html]
[gobumpr.com/customer-reviews/user/maruti-swift-MTEwNzM=.html]
[gobumpr.com/customer-reviews/user/ford-figo-MTEwNzE=.html]
[static.gobumpr.com/offers-imgs/thumb/lpthumb.jpg]
[static.gobumpr.com/offers-imgs/thumb/car-express-service-thumb.jpg]
[gobumpr.com/chennai/offers.html]
[gobumpr.com/bangalore/offers/bangalorei-car-rubbing-polish-2499.html]
[gobumpr.com/bangalore/offers/bangalore-car-polish-1499.html]
[gobumpr.com/bangalore/offers/bangalore-service-oil-change-package.html]
[static.gobumpr.com/offers-imgs/thumbs/oilthumbblr.jpg]
[gobumpr.com/bangalore/offers.html]
[gobumpr.com/customer-reviews.html]
[gobumpr.com/public/reviewsPage.f6f0d89e7184e376df3f.bundle.js]
[static.gobumpr.com/terms-static/bootstrap.css]
[static.gobumpr.com/terms-static/custom.min82f2.css]
[static.gobumpr.com/terms-static/iconse735.css]
[static.gobumpr.com/terms-static/menucc5a.css]
[static.gobumpr.com/terms-static/tabs_home.css]
[code.jquery.com/jquery-1.10.2.min.js]
[code.jquery.com/ui/1.11.4/jquery-ui.min.js]
[assets1.freshchat.io/production/assets/widgeta18a.js]
[static.gobumpr.com/terms-static/js/common_scripts_min.js]
[static.gobumpr.com/terms-static/js/functions.js]
[static.gobumpr.com/terms-static/js/tabs.js]
[static.gobumpr.com/terms-static/js/jquery.ddslick565d.js]
[gobumpr.com/terms.html]
[static.gobumpr.com/web-app/assets/fonts/Montserrat_web.css]
[gobumpr.com/assets/fonts/slick.svg]
[gobumpr.com/POST.html]
[gobumpr.com/^([^_/indexd41d.html]
[gobumpr.com/restserver.html]
[gobumpr.com/ABCDEFGHIJKLMNOPQRSTUVWXYZabcdefghijklmnopqrstuvwxyz0123456789+/index.html]
[gobumpr.com/GET.html]
[gobumpr.com/dialog/index.html]
[static.gobumpr.com/terms-static/js/theia-sticky-sidebar.js]
[static.gobumpr.com/offers-imgs/xpress-newlp3.jpg]
[static.gobumpr.com/offers-imgs/xpress-newlp5.jpg]
[static.gobumpr.com/offers-imgs/testimonials/dhanish.jpg]
[static.gobumpr.com/offers-imgs/testimonials/dhayal.jpg]
[static.gobumpr.com/offers-imgs/testimonials/dinesh.jpg]
[gobumpr.com/chennai/offers/chennai-car-express-general-service-999.html]
[static.gobumpr.com/offers-imgs/lp-CCD3.jpg]
[static.gobumpr.com/offers-imgs/lp-CCD1.jpg]
[static.gobumpr.com/offers-imgs/testimonials/krinshnabalan.jpg]
[static.gobumpr.com/offers-imgs/testimonials/shanthi.jpg]
[static.gobumpr.com/offers-imgs/testimonials/prabhu.jpg]
[gobumpr.com/chennai/offers/chennai-car-detailing-at-2999-2018.html]
[static.gobumpr.com/offers-imgs/xpress-newlp.jpg]
[static.gobumpr.com/offers-imgs/xpress-newlp1.jpg]
[gobumpr.com/chennai/offers/chennai-car-general-service-oil-change-package.html]
[static.gobumpr.com/offers-imgs/@home/polish_1.jpg]
[static.gobumpr.com/offers-imgs/@home/polish_2.jpg]
[static.gobumpr.com/offers-imgs/testimonials/dineshn.jpg]
[gobumpr.com/chennai/offers/chennai-doorstep-car-rubbing-polish.html]
[static.gobumpr.com/offers-imgs/@home/spa_1.jpg]
[static.gobumpr.com/offers-imgs/@home/spa_2.jpg]
[gobumpr.com/chennai/offers/chennai-doorstep-car-spa-at-1499.html]
[static.gobumpr.com/offers-imgs/@home/id_1.jpg]
[static.gobumpr.com/offers-imgs/@home/id_2.jpg]
[gobumpr.com/chennai/offers/chennai-doorstep-car-interior-detailing-999.html]
[static.gobumpr.com/offers-imgs/@home/oil_change_1.jpg]
[static.gobumpr.com/offers-imgs/@home/oil_change_2.jpg]
[gobumpr.com/chennai/offers/chennai-doorstep-car-general-service-oil-change-package.html]
[static.gobumpr.com/offers-imgs/@home/wash_wax_1.jpg]
[static.gobumpr.com/offers-imgs/@home/wash_wax_2.jpg]
[gobumpr.com/chennai/offers/chennai-doorstep-car-polish-999.html]
[gobumpr.com/chennai/offers/chennai-doorstep-car-express-general-service-999]
[static.gobumpr.com/offers-imgs/machine-pulling.jpg]
[static.gobumpr.com/offers-imgs/dent-surface.jpg]
[static.gobumpr.com/offers-imgs/testimonials/ankit.jpg]
[static.gobumpr.com/offers-imgs/testimonials/ashwin.jpg]
[static.gobumpr.com/offers-imgs/testimonials/azar.jpg]
[gobumpr.com/chennai/offers/chennai-car-dent-removal-2999-2017.html]
[static.gobumpr.com/offers-imgs/AC-FILTER.jpg]
[static.gobumpr.com/offers-imgs/Blower-cleaning.jpg]
[gobumpr.com/chennai/offers/chennai-car-ac-service-at-1999-2017.html]
[static.gobumpr.com/offers-imgs/car-ceramic.jpg]
[static.gobumpr.com/offers-imgs/testimonials/prakash.jpg]
[static.gobumpr.com/offers-imgs/testimonials/prithivi.jpg]
[static.gobumpr.com/offers-imgs/testimonials/ramkumar.jpg]
[gobumpr.com/chennai/offers/chennai-car-ceramic-coating-2017.html]
[static.gobumpr.com/offers-imgs/underchassis.jpg]
[static.gobumpr.com/web-app/testimonials/raja-prabhu.jpg]
[gobumpr.com/chennai/offers/chennai-car-underchassis-rust-coating-2499-2017.html]
[static.gobumpr.com/offers-imgs/polish-999-1.jpg]
[static.gobumpr.com/offers-imgs/Foam-wash [1].jpg]
[gobumpr.com/chennai/offers/chennai-car-polish-999.html]
[static.gobumpr.com/offers-imgs/fb.jpg]
[static.gobumpr.com/offers-imgs/paint_comp.jpg]
[static.gobumpr.com/offers-imgs/testimonials/prithviraj.jpg]
[static.gobumpr.com/offers-imgs/testimonials/ramsubramani.jpg]
[static.gobumpr.com/offers-imgs/testimonials/kaavya.jpg]
[gobumpr.com/chennai/offers/chennai-car-full-body-painting-24999-2017.html]
[static.gobumpr.com/offers-imgs/extrior-foam-wash.jpg]
[static.gobumpr.com/offers-imgs/interior-vacuuming.jpg]
[static.gobumpr.com/offers-imgs/testimonials/kalai.jpg]
[static.gobumpr.com/offers-imgs/testimonials/kannan.jpg]
[static.gobumpr.com/offers-imgs/testimonials/karthick.jpg]
[gobumpr.com/chennai/offers/chennai-car-spa-at-1499-2017.html]
[static.gobumpr.com/offers-imgs/polish-compound.jpg]
[static.gobumpr.com/offers-imgs/polish-clearcoat.jpg]
[gobumpr.com/chennai/offers/chennai-car-rubbing-polish-1999-2017.html]
[static.gobumpr.com/offers-imgs/seat-washing.jpg]
[gobumpr.com/chennai/offers/chennai-car-interior-detailing-999-2017.html]
[static.gobumpr.com/offers-imgs/lp-bumpr-repainting-1.jpg]
[gobumpr.com/chennai/offers/chennai-bumper-repainiting.html]
[static.gobumpr.com/offers-imgs/lp-bumpr-repainting-4.jpg]
[static.gobumpr.com/offers-imgs/premium_oil_1.jpg]
[static.gobumpr.com/offers-imgs/premium_oil_2.jpg]
[static.gobumpr.com/offers-imgs/test_1.jpg]
[static.gobumpr.com/offers-imgs/test_2.jpg]
[static.gobumpr.com/offers-imgs/test_3.jpg]
[gobumpr.com/chennai/offers/chennai-premium-car-oil-service.html]
[static.gobumpr.com/offers-imgs/premium_dent_1.jpg]
[static.gobumpr.com/offers-imgs/premium_dent_2.jpg]
[static.gobumpr.com/offers-imgs/test_4.jpg]
[static.gobumpr.com/offers-imgs/test_5.jpg]
[static.gobumpr.com/offers-imgs/test_6.jpg]
[gobumpr.com/chennai/offers/chennai-premium-car-dent-removal.html]
[static.gobumpr.com/offers-imgs/bike-engine-oil.jpg]
[static.gobumpr.com/offers-imgs/bike-clutch.jpg]
[static.gobumpr.com/offers-imgs/testimonials/shankar.jpg]
[static.gobumpr.com/offers-imgs/testimonials/sreegokul.jpg]
[gobumpr.com/chennai/offers/chennai-bike-general-service-999.html]
[static.gobumpr.com/offers-imgs/premium_bike_img.jpg]
[static.gobumpr.com/offers-imgs/premium_bike_img1.jpg]
[static.gobumpr.com/offers-imgs/premium_bike_img8.jpg]
[static.gobumpr.com/offers-imgs/testimonials/vishal.jpg]
[static.gobumpr.com/offers-imgs/testimonials/vigneshwaran.jpg]
[static.gobumpr.com/offers-imgs/testimonials/saravanan.jpg]
[gobumpr.com/chennai/offers/chennai-premium-bike-general-service-1499.html]
[gobumpr.com/chennai/offers/chennai-bike-general-service-and-polish-1299-2017.html]
[static.gobumpr.com/offers-imgs/@home/@home_bike_1.jpg]
[static.gobumpr.com/offers-imgs/@home/@home_bike_2.jpg]
[gobumpr.com/chennai/offers/chennai-doorstep-bike-general-service.html]
[static.gobumpr.com/offers-imgs/engine-repair-4999-2017.jpg]
[gobumpr.com/chennai/offers/chennai-bike-engine-repair-4999-2017.html]
[static.gobumpr.com/offers-imgs/ceramic-4999-2017.jpg]
[gobumpr.com/chennai/offers/chennai-bike-ceramic-coating-4999-2017.html]
[cdnjs.cloudflare.com/ajax/libs/font-awesome/4.7.0/css/font-awesome.min.css]
[gobumpr.com/public/styles.css]
[gobumpr.com/chennai.html]
[gobumpr.com/public/offerPage.f6f0d89e7184e376df3f.bundle.js]
[gobumpr.com/chennai/service-center/gobumpr-@home-4w-guindy-in-guindy.html]
[gobumpr.com/chennai/service-center/full-throttle-automotive-in-ekkaduthangal.html]
[static.gobumpr.com/service-center-covers/full-throttle-automotive-in-ekkaduthangal-thumb-5a23ae5dd26f7.jpg]
[gobumpr.com/chennai/service-center/krsa-auto-care-in-jaffarkhanpet.html]
[gobumpr.com/chennai/service-center/metro-motors-in-taramani.html]
[gobumpr.com/chennai/car/services-repair.html]
[gobumpr.com/chennai/maruti/car/services-repair.html]
[static.gobumpr.com/service-center-covers/metro-motors-in-taramani-thumb-5b507f6f0fa40.jpg]
[gobumpr.com/chennai/car/services-repair-in-central.html]
[static.gobumpr.com/service-center/photos/car_no_image.png]
[gobumpr.com/chennai/service-center/gobumpr-@home-4w-mountroad-in-mount-road.html]
[gobumpr.com/chennai/service-center/gopi-motors-in-mandaveli.html]
[gobumpr.com/chennai/service-center/thirumala-cars-in-perambur.html]
[gobumpr.com/chennai/service-center/mani-motors-in-vadapalani.html]
[gobumpr.com/chennai/service-center/wheels-on-road-in-kotturpuram.html]
[gobumpr.com/chennai/hyundai/car/services-repair.html]
[gobumpr.com/chennai/mahindra/car/services-repair.html]
[gobumpr.com/chennai/honda/car/services-repair.html]
[gobumpr.com/chennai/toyota/car/services-repair.html]
[gobumpr.com/chennai/renault/car/services-repair.html]
[gobumpr.com/chennai/tata/car/services-repair.html]
[gobumpr.com/chennai/ford/car/services-repair.html]
[gobumpr.com/chennai/volkswagen/car/services-repair.html]
[gobumpr.com/chennai/nissan/car/services-repair.html]
[gobumpr.com/chennai/skoda/car/services-repair.html]
[gobumpr.com/chennai/chevrolet/car/services-repair.html]
[gobumpr.com/chennai/fiat/car/services-repair.html]
[gobumpr.com/chennai/mitsubishi/car/services-repair.html]
[gobumpr.com/chennai/datsun/car/services-repair.html]
[gobumpr.com/chennai/mahindra-renault/car/services-repair.html]
[gobumpr.com/chennai/mercedes-benz/car/services-repair.html]
[gobumpr.com/chennai/audi/car/services-repair.html]
[gobumpr.com/chennai/bmw/car/services-repair.html]
[gobumpr.com/chennai/jaguar/car/services-repair.html]
[gobumpr.com/chennai/porsche/car/services-repair.html]
[gobumpr.com/chennai/land-rover/car/services-repair.html]
[gobumpr.com/chennai/premier/car/services-repair.html]
[gobumpr.com/chennai/volvo/car/services-repair.html]
[gobumpr.com/chennai/opel/car/services-repair.html]
[gobumpr.com/chennai/force/car/services-repair.html]
[gobumpr.com/chennai/hindustan-motors/car/services-repair.html]
[gobumpr.com/chennai/mini/car/services-repair.html]
[gobumpr.com/chennai/rolls-royce/car/services-repair.html]
[gobumpr.com/chennai/aston-martin/car/services-repair.html]
[gobumpr.com/chennai/bentley/car/services-repair.html]
[gobumpr.com/chennai/icml/car/services-repair.html]
[gobumpr.com/chennai/isuzu/car/services-repair.html]
[gobumpr.com/chennai/mahindra-ssangyong/car/services-repair.html]
[gobumpr.com/chennai/ashok-leyland/car/services-repair.html]
[gobumpr.com/chennai/caterham/car/services-repair.html]
[gobumpr.com/chennai/dc/car/services-repair.html]
[gobumpr.com/chennai/ferrari/car/services-repair.html]
[gobumpr.com/chennai/lamborghini/car/services-repair.html]
[gobumpr.com/chennai/maserati/car/services-repair.html]
[gobumpr.com/chennai/san-motors/car/services-repair.html]
[gobumpr.com/public/profile.f6f0d89e7184e376df3f.bundle.js]
[gobumpr.com/customer-reviews/user/hyundai-eon-MTU5ODk=.html]
[gobumpr.com/customer-reviews/user/royal-enfield-classic-350-MTUxOTA=.html]
[gobumpr.com/customer-reviews/user/ford-ikon-MTUwNTI=.html]
[gobumpr.com/customer-reviews/user/yamaha-fz16-MTAyOTQ=.html]
[gobumpr.com/customer-reviews/user/maruti-wagon-r-MTQ4NjA=.html]
[gobumpr.com/customer-reviews/user/mahindra-scorpio-MTYxNTQ=.html]
[gobumpr.com/customer-reviews/user/hyundai-i10-MTQ5MjY=.html]
[gobumpr.com/customer-reviews/user/chevrolet-sail-MTUwMTk=.html]
[gobumpr.com/customer-reviews/user/ford-ecosport-MTUyOTM=.html]
[gobumpr.com/customer-reviews/user/bajaj-pulsar-150-MTA4OTQ=.html]
[gobumpr.com/customer-reviews/user/ford-fiesta-classic-MTA3MDQ=.html]
[gobumpr.com/customer-reviews/user/honda-cbr250rr-MTExMDE=.html]
[gobumpr.com/customer-reviews/user/royal-enfield-thunderbird-350-MTExMDA=.html]
[gobumpr.com/customer-reviews/user/royal-enfield-classic-350-MTEwOTk=.html]
[gobumpr.com/customer-reviews/user/tata-indica-MTEwOTg=.html]
[gobumpr.com/customer-reviews/user/mahindra-scorpio-MTEwOTc=.html]
[gobumpr.com/customer-reviews/user/hyundai-i20-MTEwOTY=.html]
[gobumpr.com/customer-reviews/user/maruti-s-cross-MTEwOTU=.html]
[gobumpr.com/customer-reviews/user/hyundai-i10-MTEwOTE=.html]
[gobumpr.com/customer-reviews/user/hero-honda-splendor-MTEwOTA=.html]
[gobumpr.com/customer-reviews/user/honda-activa-MTEwODk=.html]
[gobumpr.com/customer-reviews/user/tata-indica-v2-MTEwODU=.html]
[gobumpr.com/customer-reviews/user/opel-astra-MTEwODM=.html]
[gobumpr.com/customer-reviews/user/royal-enfield-classic-350-MTEwODE=.html]
[gobumpr.com/customer-reviews/user/mercedes-benz-b-class-MTEwODA=.html]
[gobumpr.com/customer-reviews/user/volkswagen-polo-MTEwNzg=.html]
[gobumpr.com/customer-reviews/user/ford-ecosport-MTEwNzU=.html]
[gobumpr.com/customer-reviews/user/hyundai-eon-MTEwNzQ=.html]
[gobumpr.com/customer-reviews/user/maruti-swift-MTEwNzM=.html]
[gobumpr.com/customer-reviews/user/ford-figo-MTEwNzE=.html]
[gobumpr.com/1.html]
[gobumpr.com/2.html]
[gobumpr.com/3.html]
[gobumpr.com/4.html]
[gobumpr.com/5.html]
[gobumpr.com/6.html]
[gobumpr.com/7.html]
[gobumpr.com/21.html]
[gobumpr.com/chennai/offers.html]
[gobumpr.com/bangalore/offers/bangalorei-car-rubbing-polish-2499.html]
[static.gobumpr.com/offers-imgs/wash-wax-1499.jpg]
[gobumpr.com/bangalore/offers/bangalore-car-polish-1499.html]
[gobumpr.com/bangalore/offers/bangalore-service-oil-change-package.html]
[gobumpr.com/bangalore/offers/bangalore-bike-general-service-999.html]
[static.gobumpr.com/offers-imgs/thumb/bikes_non_re_thumb.jpg]
[gobumpr.com/bangalore/offers/bangalore-doorsteep-car-express-general-service.html]
[gobumpr.com/bangalore/offers/bangalore-all-in-one-package-1499.html]
[gobumpr.com/bangalore/offers/bangalore-doorstep-service-oil-change-package.html]
[gobumpr.com/bangalore/offers/bangalore-doorstep-car-spa.html]
[gobumpr.com/bangalore/offers/bangalore-doorstep-car-rubbing-polish.html]
[gobumpr.com/bangalore/offers/bangalore-doorstep-car-polish.html]
[gobumpr.com/bangalore/offers/bangalore-doorstep-car-interior-detailing.html]
[static.gobumpr.com/offers-imgs/thumbs/bnglr-interior-detailing-thumb.jpg]
[gobumpr.com/bangalore/offers/bangalore-doorstep-bike-general-service-999.html]
[gobumpr.com/bangalore/offers/bangalore-car-full-body-painting-24999-2017.html]
[gobumpr.com/bangalore/offers/bangalore-car-ac-service-at-1999.html]
[static.gobumpr.com/offers-imgs/thumb/ac-service-thumb.jpg]
[gobumpr.com/bangalore/offers/bangalore-car-express-general-service-999-2017.html]
[gobumpr.com/bangalore/offers/bangalore-car-dent-removal-2999-2017.html]
[static.gobumpr.com/offers-imgs/thumb/dent-thumb.jpg]
[gobumpr.com/bangalore/offers/bangalore-car-spa-at-1499-2017.html]
[gobumpr.com/bangalore/offers/bangalore-car-interior-detailing-999-2017.html]
[gobumpr.com/bangalore/offers/bangalore-premium-bike-general-service-1999.html]
[gobumpr.com/bangalore/offers/bangalore-bumper-repainiting.html]
[gobumpr.com/bangalore/offers/bangalore-premium-car-dent-removal.html]
[gobumpr.com/bangalore/offers/bangalore-premium-car-oil-service.html]
[gobumpr.com/bangalore/maruti/car/services-repair-in-mg-road.html]
[gobumpr.com/bangalore/hyundai/car/services-repair-in-mg-road.html]
[gobumpr.com/bangalore/mahindra/car/services-repair-in-mg-road.html]
[gobumpr.com/bangalore/honda/car/services-repair-in-mg-road.html]
[gobumpr.com/bangalore/toyota/car/services-repair-in-mg-road.html]
[gobumpr.com/bangalore/renault/car/services-repair-in-mg-road.html]
[gobumpr.com/bangalore/tata/car/services-repair-in-mg-road.html]
[gobumpr.com/bangalore/ford/car/services-repair-in-mg-road.html]
[gobumpr.com/bangalore/volkswagen/car/services-repair-in-mg-road.html]
[gobumpr.com/bangalore/nissan/car/services-repair-in-mg-road.html]
[gobumpr.com/bangalore/skoda/car/services-repair-in-mg-road.html]
[gobumpr.com/bangalore/chevrolet/car/services-repair-in-mg-road.html]
[gobumpr.com/bangalore/fiat/car/services-repair-in-mg-road.html]
[gobumpr.com/bangalore/mitsubishi/car/services-repair-in-mg-road.html]
[gobumpr.com/bangalore/datsun/car/services-repair-in-mg-road.html]
[gobumpr.com/bangalore/mahindra-renault/car/services-repair-in-mg-road.html]
[gobumpr.com/bangalore/mercedes-benz/car/services-repair-in-mg-road.html]
[gobumpr.com/bangalore/audi/car/services-repair-in-mg-road.html]
[gobumpr.com/bangalore/bmw/car/services-repair-in-mg-road.html]
[gobumpr.com/bangalore/jaguar/car/services-repair-in-mg-road.html]
[gobumpr.com/bangalore/porsche/car/services-repair-in-mg-road.html]
[gobumpr.com/bangalore/land-rover/car/services-repair-in-mg-road.html]
[gobumpr.com/bangalore/premier/car/services-repair-in-mg-road.html]
[gobumpr.com/bangalore/volvo/car/services-repair-in-mg-road.html]
[gobumpr.com/bangalore/force/car/services-repair-in-mg-road.html]
[gobumpr.com/bangalore/opel/car/services-repair-in-mg-road.html]
[gobumpr.com/bangalore/hindustan-motors/car/services-repair-in-mg-road.html]
[gobumpr.com/bangalore/mini/car/services-repair-in-mg-road.html]
[gobumpr.com/bangalore/rolls-royce/car/services-repair-in-mg-road.html]
[gobumpr.com/bangalore/aston-martin/car/services-repair-in-mg-road.html]
[gobumpr.com/bangalore/bentley/car/services-repair-in-mg-road.html]
[gobumpr.com/bangalore/icml/car/services-repair-in-mg-road.html]
[gobumpr.com/bangalore/isuzu/car/services-repair-in-mg-road.html]
[gobumpr.com/bangalore/mahindra-ssangyong/car/services-repair-in-mg-road.html]
[gobumpr.com/bangalore/ashok-leyland/car/services-repair-in-mg-road.html]
[gobumpr.com/bangalore/caterham/car/services-repair-in-mg-road.html]
[gobumpr.com/bangalore/dc/car/services-repair-in-mg-road.html]
[gobumpr.com/bangalore/ferrari/car/services-repair-in-mg-road.html]
[gobumpr.com/bangalore/lamborghini/car/services-repair-in-mg-road.html]
[gobumpr.com/bangalore/maserati/car/services-repair-in-mg-road.html]
[gobumpr.com/bangalore/san-motors/car/services-repair-in-mg-road.html]
[gobumpr.com/bangalore/offers.html]
[gobumpr.com/img/favicon.html]
[gobumpr.com/img/gobumpr/home_page/GoBumpr_57.html]
[gobumpr.com/img/gobumpr/home_page/GoBumpr_72.html]
[gobumpr.com/img/gobumpr/home_page/GoBumpr_114.html]
[gobumpr.com/img/gobumpr/home_page/GoBumpr_144.html]
[static.gobumpr.com/terms-static/bootstrap.css]
[static.gobumpr.com/terms-static/style.html]
[static.gobumpr.com/img/gobumpr/logo/1.png]
[static.gobumpr.com/terms-static/custom.min82f2.css]
[static.gobumpr.com/terms-static/iconse735.css]
[static.gobumpr.com/img/car.jpg]
[static.gobumpr.com/img/fix_ie_9_menu.png]
[static.gobumpr.com/img/gobumpr/logo/2.png]
[static.gobumpr.com/img/pattern.png]
[static.gobumpr.com/img/slide_hero.jpg]
[static.gobumpr.com/img/arrow_down_2.png]
[static.gobumpr.com/img/search-bt.png]
[static.gobumpr.com/img/shadow_single.png]
[static.gobumpr.com/img/slide_hero_2.jpg]
[static.gobumpr.com/img/restaurant_top_in.jpg]
[static.gobumpr.com/img/minus.png]
[static.gobumpr.com/img/plus.png]
[static.gobumpr.com/img/features-intro-01.jpg]
[static.gobumpr.com/img/tape.png]
[static.gobumpr.com/img/bg_login.jpg]
[static.gobumpr.com/img/down_arrow_select.png]
[static.gobumpr.com/img/down_arrow_select_filters.png]
[static.gobumpr.com/img/shadow_tour.png]
[static.gobumpr.com/img/ribbon_popular.png]
[static.gobumpr.com/img/gobumpr/services_offered/authorized_ribbon.png]
[static.gobumpr.com/img/ribbon_top_rated.png]
[static.gobumpr.com/img/banner_bg.png]
[static.gobumpr.com/img/shadow-bg.png]
[static.gobumpr.com/img/banner_bg_colored.png]
[static.gobumpr.com/img/gobumpr/car.jpg]
[static.gobumpr.com/img/ribbon.png]
[static.gobumpr.com/img/badge_save.png]
[static.gobumpr.com/terms-static/menucc5a.css]
[static.gobumpr.com/terms-static/tabs_home.css]
[static.gobumpr.com/terms-static/skins/square/grey.html]
[gobumpr.com/chennai/index.html]
[static.gobumpr.com/img/home_bg_2.jpg]
[static.gobumpr.com/terms-static/autocomplete.css]
[static.gobumpr.com/offers-imgs/@home/express_1.jpg]
[static.gobumpr.com/offers-imgs/@home/express_2.jpg]
[gobumpr.com/chennai/offers/chennai-doorstep-car-express-general-service-999]
[gobumpr.com/https_/gobumpr.com/chennai.html]
[gobumpr.com/chennai/service-center/gobumpr-@home-4w-guindy-in-guindy.html]
[gobumpr.com/chennai/service-center/full-throttle-automotive-in-ekkaduthangal.html]
[gobumpr.com/chennai/service-center/krsa-auto-care-in-jaffarkhanpet.html]
[static.gobumpr.com/service-center-covers/full-throttle-automotive-in-ekkaduthangal-cover-5a23ae5dd2653.jpg]
[gobumpr.com/chennai/service-center/metro-motors-in-taramani.html]
[gobumpr.com/chennai/car/services-repair-in-central.html]
[gobumpr.com/bangalore/offers/bangalore-bike-general-service-999.html]
[gobumpr.com/bangalore/offers/bangalore-doorsteep-car-express-general-service.html]
[gobumpr.com/bangalore/offers/bangalore-all-in-one-package-1499.html]
[gobumpr.com/bangalore/offers/bangalore-doorstep-service-oil-change-package.html]
[gobumpr.com/bangalore/offers/bangalore-doorstep-car-spa.html]
[gobumpr.com/bangalore/offers/bangalore-doorstep-car-rubbing-polish.html]
[gobumpr.com/bangalore/offers/bangalore-doorstep-car-polish.html]
[gobumpr.com/bangalore/offers/bangalore-doorstep-car-interior-detailing.html]
[gobumpr.com/bangalore/offers/bangalore-doorstep-bike-general-service-999.html]
[gobumpr.com/bangalore/offers/bangalore-car-full-body-painting-24999-2017.html]
[gobumpr.com/bangalore/offers/bangalore-car-ac-service-at-1999.html]
[gobumpr.com/bangalore/offers/bangalore-car-express-general-service-999-2017.html]
[gobumpr.com/bangalore/offers/bangalore-car-dent-removal-2999-2017.html]
[static.gobumpr.com/service-center-covers/metro-motors-in-taramani-cover-5b507f6f0f99b.jpg]
[static.gobumpr.com/offers-imgs/ac-vent-cleaning.jpg]
[gobumpr.com/bangalore/offers/bangalore-car-spa-at-1499-2017.html]
[gobumpr.com/bangalore/offers/bangalore-car-interior-detailing-999-2017.html]
[gobumpr.com/bangalore/offers/bangalore-premium-bike-general-service-1999.html]
[gobumpr.com/bangalore/offers/bangalore-bumper-repainiting.html]
[gobumpr.com/bangalore/offers/bangalore-premium-car-dent-removal.html]
[gobumpr.com/bangalore/offers/bangalore-premium-car-oil-service.html]
[gobumpr.com/bangalore.html]
[gobumpr.com/bangalore/car/services-repair.html]
[gobumpr.com/bangalore/maruti/car/services-repair.html]
[gobumpr.com/bangalore/service-center/goodway-motors-in-viveka-nagar.html]
[gobumpr.com/bangalore/service-center/gobumpr-@home-4w-benniganahalli-in-bennigana-halli.html]
[gobumpr.com/bangalore/service-center/gajan-motors-in-banaswadi.html]
[gobumpr.com/bangalore/service-center/super-cars-in-rt-nagar.html]
[gobumpr.com/bangalore/service-center/gobumpr-@home-4w-hsr-layout--in-hsr-layout.html]
[gobumpr.com/bangalore/maruti/car/services-repair-in-mg-road.html]
[gobumpr.com/bangalore/hyundai/car/services-repair.html]
[gobumpr.com/bangalore/hyundai/car/services-repair-in-mg-road.html]
[gobumpr.com/bangalore/mahindra/car/services-repair.html]
[gobumpr.com/bangalore/mahindra/car/services-repair-in-mg-road.html]
[gobumpr.com/bangalore/honda/car/services-repair.html]
[gobumpr.com/bangalore/honda/car/services-repair-in-mg-road.html]
[gobumpr.com/bangalore/toyota/car/services-repair.html]
[gobumpr.com/bangalore/toyota/car/services-repair-in-mg-road.html]
[gobumpr.com/bangalore/renault/car/services-repair.html]
[gobumpr.com/bangalore/renault/car/services-repair-in-mg-road.html]
[gobumpr.com/bangalore/tata/car/services-repair.html]
[gobumpr.com/bangalore/tata/car/services-repair-in-mg-road.html]
[gobumpr.com/bangalore/ford/car/services-repair.html]
[gobumpr.com/bangalore/ford/car/services-repair-in-mg-road.html]
[gobumpr.com/bangalore/volkswagen/car/services-repair.html]
[gobumpr.com/bangalore/volkswagen/car/services-repair-in-mg-road.html]
[gobumpr.com/bangalore/nissan/car/services-repair.html]
[gobumpr.com/bangalore/nissan/car/services-repair-in-mg-road.html]
[gobumpr.com/bangalore/skoda/car/services-repair.html]
[gobumpr.com/bangalore/skoda/car/services-repair-in-mg-road.html]
[gobumpr.com/bangalore/chevrolet/car/services-repair.html]
[gobumpr.com/bangalore/chevrolet/car/services-repair-in-mg-road.html]
[gobumpr.com/bangalore/fiat/car/services-repair.html]
[gobumpr.com/bangalore/fiat/car/services-repair-in-mg-road.html]
[gobumpr.com/bangalore/mitsubishi/car/services-repair.html]
[gobumpr.com/bangalore/mitsubishi/car/services-repair-in-mg-road.html]
[gobumpr.com/bangalore/datsun/car/services-repair.html]
[gobumpr.com/bangalore/datsun/car/services-repair-in-mg-road.html]
[gobumpr.com/bangalore/mahindra-renault/car/services-repair.html]
[gobumpr.com/bangalore/mahindra-renault/car/services-repair-in-mg-road.html]
[gobumpr.com/bangalore/mercedes-benz/car/services-repair.html]
[gobumpr.com/bangalore/mercedes-benz/car/services-repair-in-mg-road.html]
[gobumpr.com/bangalore/audi/car/services-repair.html]
[gobumpr.com/bangalore/audi/car/services-repair-in-mg-road.html]
[gobumpr.com/bangalore/bmw/car/services-repair.html]
[gobumpr.com/bangalore/bmw/car/services-repair-in-mg-road.html]
[gobumpr.com/bangalore/jaguar/car/services-repair.html]
[gobumpr.com/bangalore/jaguar/car/services-repair-in-mg-road.html]
[gobumpr.com/bangalore/porsche/car/services-repair.html]
[gobumpr.com/bangalore/porsche/car/services-repair-in-mg-road.html]
[gobumpr.com/bangalore/land-rover/car/services-repair.html]
[gobumpr.com/bangalore/land-rover/car/services-repair-in-mg-road.html]
[gobumpr.com/bangalore/premier/car/services-repair.html]
[gobumpr.com/bangalore/premier/car/services-repair-in-mg-road.html]
[gobumpr.com/bangalore/volvo/car/services-repair.html]
[gobumpr.com/bangalore/volvo/car/services-repair-in-mg-road.html]
[gobumpr.com/bangalore/opel/car/services-repair.html]
[gobumpr.com/bangalore/opel/car/services-repair-in-mg-road.html]
[gobumpr.com/bangalore/force/car/services-repair.html]
[gobumpr.com/bangalore/force/car/services-repair-in-mg-road.html]
[gobumpr.com/bangalore/hindustan-motors/car/services-repair.html]
[gobumpr.com/bangalore/hindustan-motors/car/services-repair-in-mg-road.html]
[gobumpr.com/bangalore/mini/car/services-repair.html]
[gobumpr.com/bangalore/mini/car/services-repair-in-mg-road.html]
[gobumpr.com/bangalore/rolls-royce/car/services-repair.html]
[gobumpr.com/bangalore/rolls-royce/car/services-repair-in-mg-road.html]
[gobumpr.com/bangalore/aston-martin/car/services-repair.html]
[gobumpr.com/bangalore/aston-martin/car/services-repair-in-mg-road.html]
[gobumpr.com/bangalore/bentley/car/services-repair.html]
[gobumpr.com/bangalore/bentley/car/services-repair-in-mg-road.html]
[gobumpr.com/bangalore/icml/car/services-repair.html]
[gobumpr.com/bangalore/icml/car/services-repair-in-mg-road.html]
[gobumpr.com/bangalore/isuzu/car/services-repair.html]
[gobumpr.com/bangalore/isuzu/car/services-repair-in-mg-road.html]
[gobumpr.com/bangalore/mahindra-ssangyong/car/services-repair.html]
[gobumpr.com/bangalore/mahindra-ssangyong/car/services-repair-in-mg-road.html]
[gobumpr.com/bangalore/ashok-leyland/car/services-repair.html]
[gobumpr.com/bangalore/ashok-leyland/car/services-repair-in-mg-road.html]
[gobumpr.com/bangalore/caterham/car/services-repair.html]
[gobumpr.com/bangalore/caterham/car/services-repair-in-mg-road.html]
[gobumpr.com/bangalore/dc/car/services-repair.html]
[gobumpr.com/bangalore/dc/car/services-repair-in-mg-road.html]
[gobumpr.com/bangalore/ferrari/car/services-repair.html]
[gobumpr.com/bangalore/ferrari/car/services-repair-in-mg-road.html]
[gobumpr.com/bangalore/lamborghini/car/services-repair-in-mg-road.html]
[gobumpr.com/bangalore/lamborghini/car/services-repair.html]
[gobumpr.com/bangalore/maserati/car/services-repair.html]
[gobumpr.com/bangalore/maserati/car/services-repair-in-mg-road.html]
[gobumpr.com/bangalore/san-motors/car/services-repair.html]
[gobumpr.com/bangalore/san-motors/car/services-repair-in-mg-road.html]
[static.gobumpr.com/img/bike.html]
[gobumpr.com/chennai/chevrolet-car-services-repair]
[gobumpr.com/chennai/fiat-car-services-repair]
[gobumpr.com/chennai/toyota-car-services-repair]
[gobumpr.com/chennai/skoda-car-services-repair]
[gobumpr.com/chennai/mitsubishi-car-services-repair]
[gobumpr.com/chennai/bentley-car-services-repair]
[gobumpr.com/chennai/datsun-car-services-repair]
[gobumpr.com/chennai/ferrari-car-services-repair]
[gobumpr.com/chennai/land-rover-car-services-repair]
[gobumpr.com/chennai/maserati-car-services-repair]
[gobumpr.com/chennai/honda-bike-services-repair]
[gobumpr.com/chennai/mahindra-bike-services-repair]
[gobumpr.com/chennai/peugeot-bike-services-repair]
[gobumpr.com/chennai/suzuki-bike-services-repair]
[gobumpr.com/chennai/kawasaki-bike-services-repair]
[gobumpr.com/chennai/kinetic-bike-services-repair]
[gobumpr.com/chennai/lohia-bike-services-repair]
[gobumpr.com/chennai/mv-agusta-bike-services-repair]
[gobumpr.com/bangalore/offers/bike-service.html]
[gobumpr.com/bangalore.html]
[gobumpr.com/bangalore/car/services-repair.html]
[gobumpr.com/bangalore/maruti/car/services-repair.html]
[gobumpr.com/bangalore/service-center/goodway-motors-in-viveka-nagar.html]
[gobumpr.com/bangalore/service-center/gobumpr-@home-4w-benniganahalli-in-bennigana-halli.html]
[gobumpr.com/bangalore/service-center/gajan-motors-in-banaswadi.html]
[gobumpr.com/bangalore/service-center/super-cars-in-rt-nagar.html]
[gobumpr.com/bangalore/service-center/gobumpr-@home-4w-hsr-layout--in-hsr-layout.html]
[gobumpr.com/bangalore/hyundai/car/services-repair.html]
[gobumpr.com/bangalore/mahindra/car/services-repair.html]
[gobumpr.com/bangalore/honda/car/services-repair.html]
[gobumpr.com/bangalore/toyota/car/services-repair.html]
[gobumpr.com/bangalore/renault/car/services-repair.html]
[gobumpr.com/bangalore/tata/car/services-repair.html]
[gobumpr.com/bangalore/ford/car/services-repair.html]
[gobumpr.com/bangalore/volkswagen/car/services-repair.html]
[gobumpr.com/bangalore/nissan/car/services-repair.html]
[gobumpr.com/bangalore/skoda/car/services-repair.html]
[gobumpr.com/bangalore/chevrolet/car/services-repair.html]
[gobumpr.com/bangalore/fiat/car/services-repair.html]
[gobumpr.com/bangalore/mitsubishi/car/services-repair.html]
[gobumpr.com/bangalore/datsun/car/services-repair.html]
[gobumpr.com/bangalore/mahindra-renault/car/services-repair.html]
[gobumpr.com/bangalore/car/services-repair-in-mg-road.html]
[gobumpr.com/bangalore/mercedes-benz/car/services-repair.html]
[gobumpr.com/bangalore/audi/car/services-repair.html]
[gobumpr.com/bangalore/bmw/car/services-repair.html]
[gobumpr.com/bangalore/jaguar/car/services-repair.html]
[gobumpr.com/bangalore/porsche/car/services-repair.html]
[gobumpr.com/bangalore/land-rover/car/services-repair.html]
[gobumpr.com/bangalore/premier/car/services-repair.html]
[gobumpr.com/bangalore/volvo/car/services-repair.html]
[gobumpr.com/bangalore/opel/car/services-repair.html]
[gobumpr.com/bangalore/force/car/services-repair.html]
[gobumpr.com/bangalore/hindustan-motors/car/services-repair.html]
[gobumpr.com/bangalore/mini/car/services-repair.html]
[gobumpr.com/bangalore/rolls-royce/car/services-repair.html]
[gobumpr.com/bangalore/aston-martin/car/services-repair.html]
[gobumpr.com/bangalore/bentley/car/services-repair.html]
[gobumpr.com/bangalore/icml/car/services-repair.html]
[gobumpr.com/bangalore/isuzu/car/services-repair.html]
[gobumpr.com/bangalore/mahindra-ssangyong/car/services-repair.html]
[gobumpr.com/bangalore/ashok-leyland/car/services-repair.html]
[gobumpr.com/bangalore/caterham/car/services-repair.html]
[gobumpr.com/bangalore/dc/car/services-repair.html]
[gobumpr.com/bangalore/ferrari/car/services-repair.html]
[gobumpr.com/bangalore/lamborghini/car/services-repair.html]
[gobumpr.com/bangalore/maserati/car/services-repair.html]
[gobumpr.com/bangalore/san-motors/car/services-repair.html]
[gobumpr.com/chennai/honda-car-services-repair]
[gobumpr.com/chennai/nissan-car-services-repair]
[gobumpr.com/chennai/mahindra-car-services-repair]
[gobumpr.com/chennai/hindustan-motors-car-services-repair]
[gobumpr.com/chennai/opel-car-services-repair]
[gobumpr.com/chennai/icml-car-services-repair]
[gobumpr.com/chennai/jaguar-car-services-repair]
[gobumpr.com/chennai/aston-martin-car-services-repair]
[gobumpr.com/chennai/premier-car-services-repair]
[gobumpr.com/chennai/san-motors-car-services-repair]
[gobumpr.com/chennai/bajaj-bike-services-repair]
[gobumpr.com/chennai/bike/services-repair]
[gobumpr.com/chennai/tvs-bike-services-repair]
[gobumpr.com/chennai/dsk-benelli-bike-services-repair]
[gobumpr.com/chennai/eider-bike-services-repair]
[gobumpr.com/chennai/hyosung-bike-services-repair]
[gobumpr.com/chennai/regal-raptor-bike-services-repair]
[gobumpr.com/chennai/triumph-bike-services-repair]
[gobumpr.com/chennai/victory-bike-services-repair]
[gobumpr.com/customer-reviews/user/1]
[gobumpr.com/customer-reviews/user/3]
[gobumpr.com/bangalore/offers/bike-service.html]
[gobumpr.com/bangalore/car/services-repair-in-mg-road.html]
[gobumpr.com/bangalore/offers/car-service]
[gobumpr.com/https_/gobumpr.com/bangalore]
[gobumpr.com/bangalore/offers/car-service]
